05-26 10:39:22.996: V/BaseAuthAsyncOperation(23537): All scopes had been granted in the past, skip access token fetching
05-26 10:39:23.016: V/GoogleSignatureVerifier(23537): com.blazewolf.beargame signature not valid.  Found: 
05-26 10:39:23.016: V/GoogleSignatureVerifier(23537): MIIBozCCAQygAwIBAgIEQUab6jANBgkqhkiG9w0BAQUFADAVMRMwEQYDVQQKDApCbGF6ZSBXb2xm
05-26 10:39:23.016: V/GoogleSignatureVerifier(23537): MCAXDTE2MDQyMTAxMzAzOVoYDzIwNjYwNDA5MDEzMDM5WjAVMRMwEQYDVQQKDApCbGF6ZSBXb2xm
05-26 10:39:23.016: V/GoogleSignatureVerifier(23537): MIGfMA0GCSqGSIb3DQEBAQUAA4GNADCBiQKBgQDo00e//MT0grLEh8y3BWSjQ1fiw4pV3KuDu/gE
05-26 10:39:23.016: V/GoogleSignatureVerifier(23537): kB4Mn67zCI/XyHSNDhV7LA5Rs+U07jYmq0rjMhmjzek6J1CcJlQ3GAY7vGwYx03Ew3rHpzyfiCOH
05-26 10:39:23.016: V/GoogleSignatureVerifier(23537): mCPUFnOcm8K0zvFUa5q2yH85IoVKRhsPBncx+hUuJZwN0i7cStDThpmJBwIDAQABMA0GCSqGSIb3
05-26 10:39:23.016: V/GoogleSignatureVerifier(23537): DQEBBQUAA4GBAAZw3n8qnvBHBOFfu8/bcCdJb5dIh5UkjqlBv7eaeowjlhb0UTZP+yQwGBlEh0h4
05-26 10:39:23.016: V/GoogleSignatureVerifier(23537): Ah20BnKiCkadXJr3D+D1/kubHCL4SmzPDIFt5I7gC8E8pOGawQwjqSYYXDKokRLLmemclXYNmpuI
05-26 10:39:23.016: V/GoogleSignatureVerifier(23537): 7ukuvYOEkHcxRGfk9M7nekFdM0inZREX
05-26 10:39:23.016: V/GoogleSignatureVerifier(23537): com.blazewolf.beargame signature not valid.  Found: 
05-26 10:39:23.016: V/GoogleSignatureVerifier(23537): MIIBozCCAQygAwIBAgIEQUab6jANBgkqhkiG9w0BAQUFADAVMRMwEQYDVQQKDApCbGF6ZSBXb2xm
05-26 10:39:23.016: V/GoogleSignatureVerifier(23537): MCAXDTE2MDQyMTAxMzAzOVoYDzIwNjYwNDA5MDEzMDM5WjAVMRMwEQYDVQQKDApCbGF6ZSBXb2xm
05-26 10:39:23.016: V/GoogleSignatureVerifier(23537): MIGfMA0GCSqGSIb3DQEBAQUAA4GNADCBiQKBgQDo00e//MT0grLEh8y3BWSjQ1fiw4pV3KuDu/gE
05-26 10:39:23.016: V/GoogleSignatureVerifier(23537): kB4Mn67zCI/XyHSNDhV7LA5Rs+U07jYmq0rjMhmjzek6J1CcJlQ3GAY7vGwYx03Ew3rHpzyfiCOH
05-26 10:39:23.016: V/GoogleSignatureVerifier(23537): mCPUFnOcm8K0zvFUa5q2yH85IoVKRhsPBncx+hUuJZwN0i7cStDThpmJBwIDAQABMA0GCSqGSIb3
05-26 10:39:23.016: V/GoogleSignatureVerifier(23537): DQEBBQUAA4GBAAZw3n8qnvBHBOFfu8/bcCdJb5dIh5UkjqlBv7eaeowjlhb0UTZP+yQwGBlEh0h4
05-26 10:39:23.016: V/GoogleSignatureVerifier(23537): Ah20BnKiCkadXJr3D+D1/kubHCL4SmzPDIFt5I7gC8E8pOGawQwjqSYYXDKokRLLmemclXYNmpuI
05-26 10:39:23.016: V/GoogleSignatureVerifier(23537): 7ukuvYOEkHcxRGfk9M7nekFdM0inZREX
05-26 10:39:23.046: V/GoogleSignatureVerifier(23537): com.blazewolf.beargame signature not valid.  Found: 
05-26 10:39:23.046: V/GoogleSignatureVerifier(23537): MIIBozCCAQygAwIBAgIEQUab6jANBgkqhkiG9w0BAQUFADAVMRMwEQYDVQQKDApCbGF6ZSBXb2xm
05-26 10:39:23.046: V/GoogleSignatureVerifier(23537): MCAXDTE2MDQyMTAxMzAzOVoYDzIwNjYwNDA5MDEzMDM5WjAVMRMwEQYDVQQKDApCbGF6ZSBXb2xm
05-26 10:39:23.046: V/GoogleSignatureVerifier(23537): MIGfMA0GCSqGSIb3DQEBAQUAA4GNADCBiQKBgQDo00e//MT0grLEh8y3BWSjQ1fiw4pV3KuDu/gE
05-26 10:39:23.046: V/GoogleSignatureVerifier(23537): kB4Mn67zCI/XyHSNDhV7LA5Rs+U07jYmq0rjMhmjzek6J1CcJlQ3GAY7vGwYx03Ew3rHpzyfiCOH
05-26 10:39:23.046: V/GoogleSignatureVerifier(23537): mCPUFnOcm8K0zvFUa5q2yH85IoVKRhsPBncx+hUuJZwN0i7cStDThpmJBwIDAQABMA0GCSqGSIb3
05-26 10:39:23.046: V/GoogleSignatureVerifier(23537): DQEBBQUAA4GBAAZw3n8qnvBHBOFfu8/bcCdJb5dIh5UkjqlBv7eaeowjlhb0UTZP+yQwGBlEh0h4
05-26 10:39:23.046: V/GoogleSignatureVerifier(23537): Ah20BnKiCkadXJr3D+D1/kubHCL4SmzPDIFt5I7gC8E8pOGawQwjqSYYXDKokRLLmemclXYNmpuI
05-26 10:39:23.046: V/GoogleSignatureVerifier(23537): 7ukuvYOEkHcxRGfk9M7nekFdM0inZREX
05-26 10:39:23.046: V/BaseAuthAsyncOperation(23537): access token request successful
05-26 10:39:23.046: V/GoogleSignatureVerifier(23537): com.blazewolf.beargame signature not valid.  Found: 
05-26 10:39:23.046: V/GoogleSignatureVerifier(23537): MIIBozCCAQygAwIBAgIEQUab6jANBgkqhkiG9w0BAQUFADAVMRMwEQYDVQQKDApCbGF6ZSBXb2xm
05-26 10:39:23.046: V/GoogleSignatureVerifier(23537): MCAXDTE2MDQyMTAxMzAzOVoYDzIwNjYwNDA5MDEzMDM5WjAVMRMwEQYDVQQKDApCbGF6ZSBXb2xm
05-26 10:39:23.046: V/GoogleSignatureVerifier(23537): MIGfMA0GCSqGSIb3DQEBAQUAA4GNADCBiQKBgQDo00e//MT0grLEh8y3BWSjQ1fiw4pV3KuDu/gE
05-26 10:39:23.046: V/GoogleSignatureVerifier(23537): kB4Mn67zCI/XyHSNDhV7LA5Rs+U07jYmq0rjMhmjzek6J1CcJlQ3GAY7vGwYx03Ew3rHpzyfiCOH
05-26 10:39:23.046: V/GoogleSignatureVerifier(23537): mCPUFnOcm8K0zvFUa5q2yH85IoVKRhsPBncx+hUuJZwN0i7cStDThpmJBwIDAQABMA0GCSqGSIb3
05-26 10:39:23.046: V/GoogleSignatureVerifier(23537): DQEBBQUAA4GBAAZw3n8qnvBHBOFfu8/bcCdJb5dIh5UkjqlBv7eaeowjlhb0UTZP+yQwGBlEh0h4
05-26 10:39:23.046: V/GoogleSignatureVerifier(23537): Ah20BnKiCkadXJr3D+D1/kubHCL4SmzPDIFt5I7gC8E8pOGawQwjqSYYXDKokRLLmemclXYNmpuI
05-26 10:39:23.046: V/GoogleSignatureVerifier(23537): 7ukuvYOEkHcxRGfk9M7nekFdM0inZREX
05-26 10:39:23.086: D/TokenFragment(24345): onConnected:null
05-26 10:39:23.086: D/TokenFragment(24345): Pending map in processRequests is 1
05-26 10:39:23.086: D/TokenFragment(24345): Calling doGetToken for Alex Morenoe: false a:false i:true
05-26 10:39:23.086: D/TokenFragment(24345): Done with processRequests!
05-26 10:39:23.106: I/System.out(24345): (HTTPLog)-Static: isSBSettingEnabled false
05-26 10:39:23.106: I/System.out(24345): (HTTPLog)-Static: isSBSettingEnabled false
05-26 10:39:23.106: D/EnterpriseController(973): netId is 0
05-26 10:39:23.106: D/Netd(973): getNetworkForDns: using netid 638 for uid 10253
05-26 10:39:23.126: D/TokenFragment(24345): Calling getAccountName
05-26 10:39:23.136: D/TokenFragment(24345): Getting ID token.  Scope = audience:server:client_id:104708994607-dratm8pq4vht61bkc4nlb2r3cng2avkn.apps.googleusercontent.com email: alexmoreno777@gmail.com
05-26 10:39:23.156: I/System.out(24345): (HTTPLog)-Static: isSBSettingEnabled false
05-26 10:39:23.156: I/System.out(24345): (HTTPLog)-Static: isSBSettingEnabled false
05-26 10:39:23.166: D/EnterpriseController(973): netId is 0
05-26 10:39:23.166: D/Netd(973): getNetworkForDns: using netid 638 for uid 10253
05-26 10:39:23.166: I/WebViewFactory(24345): Loading com.google.android.webview version 50.0.2661.86 (code 266108650)
05-26 10:39:23.166: V/GoogleSignatureVerifier(18207): com.blazewolf.beargame signature not valid.  Found: 
05-26 10:39:23.166: V/GoogleSignatureVerifier(18207): MIIBozCCAQygAwIBAgIEQUab6jANBgkqhkiG9w0BAQUFADAVMRMwEQYDVQQKDApCbGF6ZSBXb2xm
05-26 10:39:23.166: V/GoogleSignatureVerifier(18207): MCAXDTE2MDQyMTAxMzAzOVoYDzIwNjYwNDA5MDEzMDM5WjAVMRMwEQYDVQQKDApCbGF6ZSBXb2xm
05-26 10:39:23.166: V/GoogleSignatureVerifier(18207): MIGfMA0GCSqGSIb3DQEBAQUAA4GNADCBiQKBgQDo00e//MT0grLEh8y3BWSjQ1fiw4pV3KuDu/gE
05-26 10:39:23.166: V/GoogleSignatureVerifier(18207): kB4Mn67zCI/XyHSNDhV7LA5Rs+U07jYmq0rjMhmjzek6J1CcJlQ3GAY7vGwYx03Ew3rHpzyfiCOH
05-26 10:39:23.166: V/GoogleSignatureVerifier(18207): mCPUFnOcm8K0zvFUa5q2yH85IoVKRhsPBncx+hUuJZwN0i7cStDThpmJBwIDAQABMA0GCSqGSIb3
05-26 10:39:23.166: V/GoogleSignatureVerifier(18207): DQEBBQUAA4GBAAZw3n8qnvBHBOFfu8/bcCdJb5dIh5UkjqlBv7eaeowjlhb0UTZP+yQwGBlEh0h4
05-26 10:39:23.166: V/GoogleSignatureVerifier(18207): Ah20BnKiCkadXJr3D+D1/kubHCL4SmzPDIFt5I7gC8E8pOGawQwjqSYYXDKokRLLmemclXYNmpuI
05-26 10:39:23.166: V/GoogleSignatureVerifier(18207): 7ukuvYOEkHcxRGfk9M7nekFdM0inZREX
05-26 10:39:23.176: V/GoogleSignatureVerifier(18207): com.blazewolf.beargame signature not valid.  Found: 
05-26 10:39:23.176: V/GoogleSignatureVerifier(18207): MIIBozCCAQygAwIBAgIEQUab6jANBgkqhkiG9w0BAQUFADAVMRMwEQYDVQQKDApCbGF6ZSBXb2xm
05-26 10:39:23.176: V/GoogleSignatureVerifier(18207): MCAXDTE2MDQyMTAxMzAzOVoYDzIwNjYwNDA5MDEzMDM5WjAVMRMwEQYDVQQKDApCbGF6ZSBXb2xm
05-26 10:39:23.176: V/GoogleSignatureVerifier(18207): MIGfMA0GCSqGSIb3DQEBAQUAA4GNADCBiQKBgQDo00e//MT0grLEh8y3BWSjQ1fiw4pV3KuDu/gE
05-26 10:39:23.176: V/GoogleSignatureVerifier(18207): kB4Mn67zCI/XyHSNDhV7LA5Rs+U07jYmq0rjMhmjzek6J1CcJlQ3GAY7vGwYx03Ew3rHpzyfiCOH
05-26 10:39:23.176: V/GoogleSignatureVerifier(18207): mCPUFnOcm8K0zvFUa5q2yH85IoVKRhsPBncx+hUuJZwN0i7cStDThpmJBwIDAQABMA0GCSqGSIb3
05-26 10:39:23.176: V/GoogleSignatureVerifier(18207): DQEBBQUAA4GBAAZw3n8qnvBHBOFfu8/bcCdJb5dIh5UkjqlBv7eaeowjlhb0UTZP+yQwGBlEh0h4
05-26 10:39:23.176: V/GoogleSignatureVerifier(18207): Ah20BnKiCkadXJr3D+D1/kubHCL4SmzPDIFt5I7gC8E8pOGawQwjqSYYXDKokRLLmemclXYNmpuI
05-26 10:39:23.176: V/GoogleSignatureVerifier(18207): 7ukuvYOEkHcxRGfk9M7nekFdM0inZREX
05-26 10:39:23.176: V/GoogleSignatureVerifier(18207): com.blazewolf.beargame signature not valid.  Found: 
05-26 10:39:23.176: V/GoogleSignatureVerifier(18207): MIIBozCCAQygAwIBAgIEQUab6jANBgkqhkiG9w0BAQUFADAVMRMwEQYDVQQKDApCbGF6ZSBXb2xm
05-26 10:39:23.176: V/GoogleSignatureVerifier(18207): MCAXDTE2MDQyMTAxMzAzOVoYDzIwNjYwNDA5MDEzMDM5WjAVMRMwEQYDVQQKDApCbGF6ZSBXb2xm
05-26 10:39:23.176: V/GoogleSignatureVerifier(18207): MIGfMA0GCSqGSIb3DQEBAQUAA4GNADCBiQKBgQDo00e//MT0grLEh8y3BWSjQ1fiw4pV3KuDu/gE
05-26 10:39:23.176: V/GoogleSignatureVerifier(18207): kB4Mn67zCI/XyHSNDhV7LA5Rs+U07jYmq0rjMhmjzek6J1CcJlQ3GAY7vGwYx03Ew3rHpzyfiCOH
05-26 10:39:23.176: V/GoogleSignatureVerifier(18207): mCPUFnOcm8K0zvFUa5q2yH85IoVKRhsPBncx+hUuJZwN0i7cStDThpmJBwIDAQABMA0GCSqGSIb3
05-26 10:39:23.176: V/GoogleSignatureVerifier(18207): DQEBBQUAA4GBAAZw3n8qnvBHBOFfu8/bcCdJb5dIh5UkjqlBv7eaeowjlhb0UTZP+yQwGBlEh0h4
05-26 10:39:23.176: V/GoogleSignatureVerifier(18207): Ah20BnKiCkadXJr3D+D1/kubHCL4SmzPDIFt5I7gC8E8pOGawQwjqSYYXDKokRLLmemclXYNmpuI
05-26 10:39:23.176: V/GoogleSignatureVerifier(18207): 7ukuvYOEkHcxRGfk9M7nekFdM0inZREX
05-26 10:39:23.176: V/GoogleSignatureVerifier(18207): com.blazewolf.beargame signature not valid.  Found: 
05-26 10:39:23.176: V/GoogleSignatureVerifier(18207): MIIBozCCAQygAwIBAgIEQUab6jANBgkqhkiG9w0BAQUFADAVMRMwEQYDVQQKDApCbGF6ZSBXb2xm
05-26 10:39:23.176: V/GoogleSignatureVerifier(18207): MCAXDTE2MDQyMTAxMzAzOVoYDzIwNjYwNDA5MDEzMDM5WjAVMRMwEQYDVQQKDApCbGF6ZSBXb2xm
05-26 10:39:23.176: V/GoogleSignatureVerifier(18207): MIGfMA0GCSqGSIb3DQEBAQUAA4GNADCBiQKBgQDo00e//MT0grLEh8y3BWSjQ1fiw4pV3KuDu/gE
05-26 10:39:23.176: V/GoogleSignatureVerifier(18207): kB4Mn67zCI/XyHSNDhV7LA5Rs+U07jYmq0rjMhmjzek6J1CcJlQ3GAY7vGwYx03Ew3rHpzyfiCOH
05-26 10:39:23.176: V/GoogleSignatureVerifier(18207): mCPUFnOcm8K0zvFUa5q2yH85IoVKRhsPBncx+hUuJZwN0i7cStDThpmJBwIDAQABMA0GCSqGSIb3
05-26 10:39:23.176: V/GoogleSignatureVerifier(18207): DQEBBQUAA4GBAAZw3n8qnvBHBOFfu8/bcCdJb5dIh5UkjqlBv7eaeowjlhb0UTZP+yQwGBlEh0h4
05-26 10:39:23.176: V/GoogleSignatureVerifier(18207): Ah20BnKiCkadXJr3D+D1/kubHCL4SmzPDIFt5I7gC8E8pOGawQwjqSYYXDKokRLLmemclXYNmpuI
05-26 10:39:23.176: V/GoogleSignatureVerifier(18207): 7ukuvYOEkHcxRGfk9M7nekFdM0inZREX
05-26 10:39:23.186: D/TokenFragment(24345): Done with tokenRequest status: 0
05-26 10:39:23.186: W/ResourcesManager(24345): getTopLevelResources: /data/app/com.google.android.webview-1/base.apk / 1.0 running in com.blazewolf.beargame rsrc of package com.google.android.webview
05-26 10:39:23.186: D/ResourcesManager(24345): For user 0 new overlays fetched Null
05-26 10:39:23.196: I/InjectionManager(24345): Inside getClassLibPath caller 
05-26 10:39:23.206: I/cr_LibraryLoader(24345): Time to load native libraries: 7 ms (timestamps 5471-5478)
05-26 10:39:23.216: I/cr_LibraryLoader(24345): Expected native library version number "50.0.2661.86", actual native library version number "50.0.2661.86"
05-26 10:39:23.246: V/WebViewChromiumFactoryProvider(24345): Binding Chromium to main looper Looper (main, tid 1) {ecd941e}
05-26 10:39:23.256: I/cr_LibraryLoader(24345): Expected native library version number "50.0.2661.86", actual native library version number "50.0.2661.86"
05-26 10:39:23.256: I/chromium(24345): [INFO:library_loader_hooks.cc(143)] Chromium logging enabled: level = 0, default verbosity = 0
05-26 10:39:23.276: I/Unity(24345):  [Play Games Plugin DLL] 05/26/16 10:39:23 -07:00 DEBUG: idt = eyJhbGciOiJSUzI1NiIsImtpZCI6ImRmNmRiZDJmZTRlZjdmMjgwZmQyNThmNGY5YmE0ZDBjNDcwODRlNDUifQ.eyJpc3MiOiJhY2NvdW50cy5nb29nbGUuY29tIiwiYXVkIjoiMTA0NzA4OTk0NjA3LWRyYXRtOHBxNHZodDYxYmtjNG5sYjJyM2NuZzJhdmtuLmFwcHMuZ29vZ2xldXNlcmNvbnRlbnQuY29tIiwic3ViIjoiMTA3MjE1NDYwNzAxNTU0MjM3MzgyIiwiZW1haWxfdmVyaWZpZWQiOnRydWUsImF6cCI6IjEwNDcwODk5NDYwNy1nM3ZtanBlZ21jYTZwOG11dTQ4OWtqajZzZmxhdHI3cS5hcHBzLmdvb2dsZXVzZXJjb250ZW50LmNvbSIsImVtYWlsIjoiYWxleG1vcmVubzc3N0BnbWFpbC5jb20iLCJpYXQiOjE0NjQyODIzMDAsImV4cCI6MTQ2NDI4NTkwMCwibmFtZSI6IkFsZXggTW9yZW5vIiwicGljdHVyZSI6Imh0dHBzOi8vbGgzLmdvb2dsZXVzZXJjb250ZW50LmNvbS8tTDhaTFFNTVAyN0UvQUFBQUFBQUFBQUkvQUFBQUFBQUFBRGcvZzgyWWt1RlBMdFEvczk2LWMvcGhvdG8uanBnIiwiZ2l2ZW5fbmFtZSI6IkFsZXgiLCJmYW1pbHlfbmFtZSI6Ik1vcmVubyJ9.fR8Eht1vu-Oz8rDX7hfK2EFEzFfDERVKyYQiLnEbduVHtmRi-wjXPltGverTAFzjF3oJ9uBuPGzYWqNURofRroLZitlYJs92ZLFh-g8S7SBN5l8QPrUMW0rlsc5N1U6IMbCEKcmfNY3hHE6wHtlQCxSpPWs7b1w0kXk6Uk3nsL41WUpUQ3WPFZfSoD-rxmNbtSfeW2JYYFPBV5AT7hpqrz8-mUjdBaw6
05-26 10:39:23.276: I/Unity(24345): Google is logged in, Adding Login to Cognito...eyJhbGciOiJSUzI1NiIsImtpZCI6ImRmNmRiZDJmZTRlZjdmMjgwZmQyNThmNGY5YmE0ZDBjNDcwODRlNDUifQ.eyJpc3MiOiJhY2NvdW50cy5nb29nbGUuY29tIiwiYXVkIjoiMTA0NzA4OTk0NjA3LWRyYXRtOHBxNHZodDYxYmtjNG5sYjJyM2NuZzJhdmtuLmFwcHMuZ29vZ2xldXNlcmNvbnRlbnQuY29tIiwic3ViIjoiMTA3MjE1NDYwNzAxNTU0MjM3MzgyIiwiZW1haWxfdmVyaWZpZWQiOnRydWUsImF6cCI6IjEwNDcwODk5NDYwNy1nM3ZtanBlZ21jYTZwOG11dTQ4OWtqajZzZmxhdHI3cS5hcHBzLmdvb2dsZXVzZXJjb250ZW50LmNvbSIsImVtYWlsIjoiYWxleG1vcmVubzc3N0BnbWFpbC5jb20iLCJpYXQiOjE0NjQyODIzMDAsImV4cCI6MTQ2NDI4NTkwMCwibmFtZSI6IkFsZXggTW9yZW5vIiwicGljdHVyZSI6Imh0dHBzOi8vbGgzLmdvb2dsZXVzZXJjb250ZW50LmNvbS8tTDhaTFFNTVAyN0UvQUFBQUFBQUFBQUkvQUFBQUFBQUFBRGcvZzgyWWt1RlBMdFEvczk2LWMvcGhvdG8uanBnIiwiZ2l2ZW5fbmFtZSI6IkFsZXgiLCJmYW1pbHlfbmFtZSI6Ik1vcmVubyJ9.fR8Eht1vu-Oz8rDX7hfK2EFEzFfDERVKyYQiLnEbduVHtmRi-wjXPltGverTAFzjF3oJ9uBuPGzYWqNURofRroLZitlYJs92ZLFh-g8S7SBN5l8QPrUMW0rlsc5N1U6IMbCEKcmfNY3hHE6wHtlQCxSpPWs7b1w0kXk6Uk3nsL41WUpUQ3WPFZfSoD-rxmNbtSfeW2JYYFPBV5AT7hpqrz8-mUjdBaw68TPAVfFTelgqUWP9
05-26 10:39:23.286: I/cr_BrowserStartup(24345): Initializing chromium process, singleProcess=true
05-26 10:39:23.336: D/NetworkController.MobileSignalController(0/1)(2326): onSignalStrengthsChanged signalStrength=SignalStrength: 99 99 -120 -160 -120 -1 -1 19 -101 -9 172 -1 2147483647 0x3000 gsm|lte level=3
05-26 10:39:23.336: D/NetworkController.MobileSignalController(0/1)(2326): getMobileIconGroup(): 13
05-26 10:39:23.336: D/NetworkController.MobileSignalController(0/1)(2326): updateVZWMobileIconGroup(): 13
05-26 10:39:23.336: I/qti_sensorhub_hal(992): OEM_1_REPORT_IND
05-26 10:39:23.336: D/qti_sensorhub_hal(992): AutoRotation 255 ts: 3946728471
05-26 10:39:23.336: D/SensorHubManager(1379): onGetSensorHubDataLocked: library(4) = 1, 1, 7, -1
05-26 10:39:23.336: D/CAE(1379): onGetSensorHubData(SensorHubParserProvider.java:92) - onGetSensorHubData Event [event buffer len :4], AP_WAKEUP
05-26 10:39:23.336: I/CAE(1379): parse(SensorHubParserProvider.java:188) - buffer size = 4
05-26 10:39:23.336: I/CAE(1379): parse(SensorHubParserProvider.java:199) - 1, 1, 7, -1,
05-26 10:39:23.336: D/CAE(1379): display(ContextProvider.java:375) - ================= AUTO_ROTATION =================
05-26 10:39:23.336: I/CAE(1379): display(ContextProvider.java:391) - Angle=[-1]
05-26 10:39:23.336: D/SContextService(1379): updateSContext() : event = Auto Rotation
05-26 10:39:23.346: D/EPDG -- [SMARTWIFI](1379): onSignalStrengthsChanged: Received signal strength change, phone type is: 2
05-26 10:39:23.346: D/EPDG -- [SMARTWIFI](1379): lastLteRSRP is -101currentLteRSRP is -101
05-26 10:39:23.346: D/EPDG -- [SMARTWIFI](1379): lastCdmaDb is -16currentCdmaDb is -16
05-26 10:39:23.346: V/EPDG -- [SMARTWIFI](1379): Radio oldest entry removed
05-26 10:39:23.346: V/EPDG -- [SMARTWIFI](1379): New entry : (SignalStrength: 99 99 -120 -160 -120 -1 -1 19 -101 -9 172 -1 2147483647 0x3000 gsm|lte : 0 )
05-26 10:39:23.346: V/EPDG -- [SMARTWIFI](1379): Radio entry added
05-26 10:39:23.346: V/WindowOrientationListener(1379): OrientationSensorJudge.onSContextChanged, Rotation: -1
05-26 10:39:23.346: D/NetworkController.MobileSignalController(0/1)(2326): callState:0, callStateByPhone:false voLTECall:false voiceNetTpe:13 dataNetType:13, ine911:false, emergencyCallbackMode:false
05-26 10:39:23.356: D/libEGL(24345): eglInitialize EGLDisplay = 0xff8f4f04
05-26 10:39:23.416: D/EPDG -- [NETMGMT](1379): Interface wlan0 limitName globalAlert
05-26 10:39:23.416: D/NtpTrustedTime(1379): currentTimeMillis() cache hit
05-26 10:39:23.416: V/NetworkStats(1379): performPollLocked(flags=0x1)
05-26 10:39:23.416: D/ActivityManager(1379): The following uid has registered to recieve broadcast for proxy related updates 10253
05-26 10:39:23.416: W/ContextImpl(1379): Calling a method in the system process without a qualified user: android.app.ContextImpl.sendBroadcast:845 com.android.server.am.ActivityManagerService.requestKnoxVpnToSendProxyBroadcast:29671 com.android.server.am.ActivityManagerService.registerReceiver:22542 android.app.ActivityManagerNative.onTransact:431 com.android.server.am.ActivityManagerService.onTransact:3986 
05-26 10:39:23.436: W/cr_media(24345): Requires BLUETOOTH permission
05-26 10:39:23.436: D/NetworkStats(1379): IMS LinkProperties is not null
05-26 10:39:23.436: D/NetworkStatsRecorder(1379): entry.iface is null
05-26 10:39:23.436: D/NetworkStatsRecorder(1379): entry.iface is null
05-26 10:39:23.446: D/NetworkStatsRecorder(1379): entry.iface is null
05-26 10:39:23.446: D/NetworkStatsRecorder(1379): entry.iface is null
05-26 10:39:23.466: D/NetworkPolicy(1379): isUidForegroundLocked: 10018, mScreenOn: true, uidstate: 2, mProxSensorScreenOff: false
05-26 10:39:23.476: D/NtpTrustedTime(1379): currentTimeMillis() cache hit
05-26 10:39:23.476: V/NetworkStats(1379): performPollLocked() took 60ms
05-26 10:39:23.486: D/ConnectivityManager(24345): requestNetwork; getAppId(CallingUid) : 10253, CallingPid : 24345
05-26 10:39:23.496: D/NtpTrustedTime(1379): currentTimeMillis() cache hit
05-26 10:39:23.496: D/NtpTrustedTime(1379): currentTimeMillis() cache hit
05-26 10:39:23.496: D/ConnectivityService(1379): listenForNetwork for Listen from uid/pid:10253/24345 for NetworkRequest [ id=2076, legacyType=-1, [ Capabilities: INTERNET&NOT_RESTRICTED&TRUSTED&NOT_VPN] ]
05-26 10:39:23.496: D/ConnectivityService(1379): rematching NetworkAgentInfo [WIFI () - 638]
05-26 10:39:23.496: D/ConnectivityService(1379):  network has: NetworkAgentInfo{ ni{[type: WIFI[] - WIFI, state: CONNECTED/CONNECTED, reason: (unspecified), extra: "HB NATION", roaming: false, failover: false, isAvailable: true]}  network{638}  lp{{InterfaceName: wlan0 LinkAddresses: [fe80::62f1:89ff:fe65:9282/64,192.168.1.20/24,]  Routes: [fe80::/64 -> :: wlan0,192.168.1.0/24 -> 0.0.0.0 wlan0,0.0.0.0/0 -> 192.168.1.1 wlan0,] DnsAddresses: [192.168.1.1,] Domains:  MTU: 0 TcpBufferSizes: 524288,1048576,2097120,524288,1048576,4194240}}  nc{[ Transports: WIFI Capabilities: INTERNET&NOT_RESTRICTED&TRUSTED&NOT_VPN&VALIDATED LinkUpBandwidth>=1048576Kbps LinkDnBandwidth>=1048576Kbps SignalStrength: -56]}  Score{60}  everValidated{true}  lastValidated{true}  created{true} lingering{false} explicitlySelected{false} acceptUnvalidated{false} everCaptivePortalDetected{false} lastCaptivePortalDetected{false} }
05-26 10:39:23.496: D/ConnectivityService(1379):   checking if request is: NetworkRequest [ id=2069, legacyType=-1, [ Capabilities: INTERNET&NOT_RESTRICTED&TRUSTED&NOT_VPN] ] satisfies: true nri.isRequest: false
05-26 10:39:23.496: D/ConnectivityService(1379):   checking if request is: NetworkRequest [ id=5, legacyType=-1, [ Transports: WIFI Capabilities: INTERNET&NOT_RESTRICTED&TRUSTED&NOT_VPN] ] satisfies: true nri.isRequest: false
05-26 10:39:23.496: D/ConnectivityService(1379):   checking if request is: NetworkRequest [ id=2076, legacyType=-1, [ Capabilities: INTERNET&NOT_RESTRICTED&TRUSTED&NOT_VPN] ] satisfies: true nri.isRequest: false
05-26 10:39:23.496: D/ConnectivityService(1379): Network NetworkAgentInfo [WIFI () - 638] was already satisfying request 1. No change.
05-26 10:39:23.496: D/ConnectivityService(1379):   checking if request is: NetworkRequest [ id=3, legacyType=-1, [] ] satisfies: true nri.isRequest: false
05-26 10:39:23.496: D/ConnectivityService(1379):   checking if request is: NetworkRequest [ id=4, legacyType=-1, [ Transports: CELLULAR Capabilities: INTERNET&NOT_RESTRICTED&TRUSTED&NOT_VPN] ] satisfies: false nri.isRequest: false
05-26 10:39:23.496: D/ConnectivityService(1379):   checking if request is: NetworkRequest [ id=1077, legacyType=-1, [ Capabilities: INTERNET&NOT_RESTRICTED&TRUSTED&NOT_VPN] ] satisfies: true nri.isRequest: false
05-26 10:39:23.496: D/ConnectivityService(1379):   checking if request is: NetworkRequest [ id=2060, legacyType=-1, [ Capabilities: INTERNET&NOT_RESTRICTED&TRUSTED&NOT_VPN] ] satisfies: true nri.isRequest: false
05-26 10:39:23.506: D/ConnectivityService(1379):   checking if request is: NetworkRequest [ id=2058, legacyType=-1, [ Capabilities: INTERNET&NOT_RESTRICTED&TRUSTED&NOT_VPN] ] satisfies: true nri.isRequest: false
05-26 10:39:23.506: D/ConnectivityService(1379):   checking if request is: NetworkRequest [ id=2044, legacyType=5, [ Transports: CELLULAR Capabilities: INTERNET&NOT_RESTRICTED&TRUSTED&NOT_VPN] ] satisfies: false nri.isRequest: true
05-26 10:39:23.506: D/ConnectivityService(1379):   checking if request is: NetworkRequest [ id=2073, legacyType=-1, [ Capabilities: INTERNET&NOT_RESTRICTED&TRUSTED&NOT_VPN] ] satisfies: true nri.isRequest: false
05-26 10:39:23.506: D/ConnectivityService(1379):   checking if request is: NetworkRequest [ id=6, legacyType=-1, [ Transports: WIFI Capabilities: INTERNET&NOT_RESTRICTED&TRUSTED&NOT_VPN] ] satisfies: true nri.isRequest: false
05-26 10:39:23.506: D/ConnectivityService(1379):   checking if request is: NetworkRequest [ id=989, legacyType=11, [ Transports: CELLULAR Capabilities: IMS&TRUSTED&NOT_VPN] ] satisfies: false nri.isRequest: true
05-26 10:39:23.506: D/ConnectivityService(1379):   checking if request is: NetworkRequest [ id=2059, legacyType=-1, [ Capabilities: INTERNET&NOT_RESTRICTED&TRUSTED&NOT_VPN] ] satisfies: true nri.isRequest: false
05-26 10:39:23.506: D/ConnectivityService(1379): sending notification AVAILABLE for NetworkRequest [ id=2076, legacyType=-1, [ Capabilities: INTERNET&NOT_RESTRICTED&TRUSTED&NOT_VPN] ]
05-26 10:39:23.506: D/ConnectivityService(1379): rematching NetworkAgentInfo [MOBILE (LTE) - 602]
05-26 10:39:23.516: E/CSLegacyTypeTracker(1379): add() : Adding agent NetworkAgentInfo{ ni{[type: MOBILE[LTE] - MOBILE_IMS, state: CONNECTED/CONNECTED, reason: (unspecified), extra: VZWIMS, roaming: false, failover: false, isAvailable: true]}  network{602}  lp{{InterfaceName: rmnet_data0 LinkAddresses: [2600:1012:8164:67db:0:21:7ac3:b301/64,]  Routes: [::/0 -> fe80::3cda:7570:46b2:ea43 rmnet_data0,] DnsAddresses: [2001:4888:65:ff00:62e:d::,2001:4888:64:ff00:620:d::,] Domains: null MTU: 0 TcpBufferSizes: 2097152,6294156,12582912,524288,1048576,2560000}}  nc{[ Transports: CELLULAR Capabilities: IMS&TRUSTED&NOT_VPN&VALIDATED LinkUpBandwidth>=51200Kbps LinkDnBandwidth>=102400Kbps Specifier: <1>]}  Score{50}  everValidated{true}  lastValidated{true}  created{true} lingering{false} explicitlySelected{false} acceptUnvalidated{false} everCaptivePortalDetected{false} lastCaptivePortalDetected{false} } for legacy network type 11
05-26 10:39:23.516: D/ConnectivityService(1379):  network has: NetworkAgentInfo{ ni{[type: MOBILE[LTE] - MOBILE_IMS, state: CONNECTED/CONNECTED, reason: (unspecified), extra: VZWIMS, roaming: false, failover: false, isAvailable: true]}  network{602}  lp{{InterfaceName: rmnet_data0 LinkAddresses: [2600:1012:8164:67db:0:21:7ac3:b301/64,]  Routes: [::/0 -> fe80::3cda:7570:46b2:ea43 rmnet_data0,] DnsAddresses: [2001:4888:65:ff00:62e:d::,2001:4888:64:ff00:620:d::,] Domains: null MTU: 0 TcpBufferSizes: 2097152,6294156,12582912,524288,1048576,2560000}}  nc{[ Transports: CELLULAR Capabilities: IMS&TRUSTED&NOT_VPN&VALIDATED LinkUpBandwidth>=51200Kbps LinkDnBandwidth>=102400Kbps Specifier: <1>]}  Score{50}  everValidated{true}  lastValidated{true}  created{true} lingering{false} explicitlySelected{false} acceptUnvalidated{false} everCaptivePortalDetected{false} lastCaptivePortalDetected{false} }
05-26 10:39:23.516: D/cr_Ime(24345): [InputMethodManagerWrapper.java:30] Constructor
05-26 10:39:23.516: D/ConnectivityService(1379):   checking if request is: NetworkRequest [ id=2069, legacyType=-1, [ Capabilities: INTERNET&NOT_RESTRICTED&TRUSTED&NOT_VPN] ] satisfies: false nri.isRequest: false
05-26 10:39:23.516: D/ConnectivityService(1379):   checking if request is: NetworkRequest [ id=5, legacyType=-1, [ Transports: WIFI Capabilities: INTERNET&NOT_RESTRICTED&TRUSTED&NOT_VPN] ] satisfies: false nri.isRequest: false
05-26 10:39:23.526: E/CSLegacyTypeTracker(1379): add() : Adding agent NetworkAgentInfo{ ni{[type: MOBILE[LTE] - MOBILE, state: CONNECTED/CONNECTED, reason: connected, extra: VZWINTERNET, roaming: false, failover: false, isAvailable: true]}  network{639}  lp{{InterfaceName: rmnet_data1 LinkAddresses: [100.84.244.200/32,2600:1012:b11b:9cdc:e077:e46:961a:4081/64,]  Routes: [0.0.0.0/0 -> 100.84.244.201 rmnet_data1,::/0 -> fe80::fd7b:55fb:985a:1877 rmnet_data1,] DnsAddresses: [198.224.171.135,198.224.169.135,2001:4888:65:ff00:62e:d::,2001:4888:64:ff00:620:d::,] Domains: null MTU: 0 TcpBufferSizes: 2097152,6294156,12582912,524288,1048576,2560000}}  nc{[ Transports: CELLULAR Capabilities: SUPL&DUN&INTERNET&NOT_RESTRICTED&TRUSTED&NOT_VPN&VALIDATED LinkUpBandwidth>=51200Kbps LinkDnBandwidth>=102400Kbps Specifier: <1>]}  Score{50}  everValidated{true}  lastValidated{true}  created{true} lingering{false} explicitlySelected{false} acceptUnvalidated{false} everCaptivePortalDetected{false} lastCaptivePortalDetected{false} } for legacy network type 5
05-26 10:39:23.516: D/ConnectivityService(1379):   checking if request is: NetworkRequest [ id=2076, legacyType=-1, [ Capabilities: INTERNET&NOT_RESTRICTED&TRUSTED&NOT_VPN] ] satisfies: false nri.isRequest: false
05-26 10:39:23.516: D/ConnectivityService(1379):   checking if request is: NetworkRequest [ id=1, legacyType=-1, [ Capabilities: INTERNET&NOT_RESTRICTED&TRUSTED&NOT_VPN] ] satisfies: false nri.isRequest: true
05-26 10:39:23.516: D/ConnectivityService(1379):   checking if request is: NetworkRequest [ id=3, legacyType=-1, [] ] satisfies: true nri.isRequest: false
05-26 10:39:23.516: D/ConnectivityService(1379):   checking if request is: NetworkRequest [ id=4, legacyType=-1, [ Transports: CELLULAR Capabilities: INTERNET&NOT_RESTRICTED&TRUSTED&NOT_VPN] ] satisfies: false nri.isRequest: false
05-26 10:39:23.516: D/ConnectivityService(1379):   checking if request is: NetworkRequest [ id=1077, legacyType=-1, [ Capabilities: INTERNET&NOT_RESTRICTED&TRUSTED&NOT_VPN] ] satisfies: false nri.isRequest: false
05-26 10:39:23.516: D/ConnectivityService(1379):   checking if request is: NetworkRequest [ id=2060, legacyType=-1, [ Capabilities: INTERNET&NOT_RESTRICTED&TRUSTED&NOT_VPN] ] satisfies: false nri.isRequest: false
05-26 10:39:23.516: D/ConnectivityService(1379):   checking if request is: NetworkRequest [ id=2058, legacyType=-1, [ Capabilities: INTERNET&NOT_RESTRICTED&TRUSTED&NOT_VPN] ] satisfies: false nri.isRequest: false
05-26 10:39:23.516: D/ConnectivityService(1379):   checking if request is: NetworkRequest [ id=2044, legacyType=5, [ Transports: CELLULAR Capabilities: INTERNET&NOT_RESTRICTED&TRUSTED&NOT_VPN] ] satisfies: false nri.isRequest: true
05-26 10:39:23.536: W/cr_AwContents(24345): onDetachedFromWindow called when already detached. Ignoring
05-26 10:39:23.516: D/ConnectivityService(1379):   checking if request is: NetworkRequest [ id=2073, legacyType=-1, [ Capabilities: INTERNET&NOT_RESTRICTED&TRUSTED&NOT_VPN] ] satisfies: false nri.isRequest: false
05-26 10:39:23.536: D/cr_Ime(24345): [InputMethodManagerWrapper.java:59] isActive: false
05-26 10:39:23.516: D/ConnectivityService(1379):   checking if request is: NetworkRequest [ id=6, legacyType=-1, [ Transports: WIFI Capabilities: INTERNET&NOT_RESTRICTED&TRUSTED&NOT_VPN] ] satisfies: false nri.isRequest: false
05-26 10:39:23.536: D/NtpTrustedTime(1379): currentTimeMillis() cache hit
05-26 10:39:23.516: D/ConnectivityService(1379): Network NetworkAgentInfo [MOBILE (LTE) - 602] was already satisfying request 989. No change.
05-26 10:39:23.516: D/ConnectivityService(1379):   checking if request is: NetworkRequest [ id=2059, legacyType=-1, [ Capabilities: INTERNET&NOT_RESTRICTED&TRUSTED&NOT_VPN] ] satisfies: false nri.isRequest: false
05-26 10:39:23.516: D/ConnectivityService(1379): rematching NetworkAgentInfo [MOBILE (LTE) - 639]
05-26 10:39:23.516: D/ConnectivityService(1379):  network has: NetworkAgentInfo{ ni{[type: MOBILE[LTE] - MOBILE, state: CONNECTED/CONNECTED, reason: connected, extra: VZWINTERNET, roaming: false, failover: false, isAvailable: true]}  network{639}  lp{{InterfaceName: rmnet_data1 LinkAddresses: [100.84.244.200/32,2600:1012:b11b:9cdc:e077:e46:961a:4081/64,]  Routes: [0.0.0.0/0 -> 100.84.244.201 rmnet_data1,::/0 -> fe80::fd7b:55fb:985a:1877 rmnet_data1,] DnsAddresses: [198.224.171.135,198.224.169.135,2001:4888:65:ff00:62e:d::,2001:4888:64:ff00:620:d::,] Domains: null MTU: 0 TcpBufferSizes: 2097152,6294156,12582912,524288,1048576,2560000}}  nc{[ Transports: CELLULAR Capabilities: SUPL&DUN&INTERNET&NOT_RESTRICTED&TRUSTED&NOT_VPN&VALIDATED LinkUpBandwidth>=51200Kbps LinkDnBandwidth>=102400Kbps Specifier: <1>]}  Score{50}  everValidated{true}  lastValidated{true}  created{true} lingering{false} explicitlySelected{false} acceptUnvalidated{false} everCaptivePortalDetected{false} lastCaptivePortalDetected{false} }
05-26 10:39:23.516: D/ConnectivityService(1379):   checking if request is: NetworkRequest [ id=2069, legacyType=-1, [ Capabilities: INTERNET&NOT_RESTRICTED&TRUSTED&NOT_VPN] ] satisfies: true nri.isRequest: false
05-26 10:39:23.516: D/ConnectivityService(1379):   checking if request is: NetworkRequest [ id=5, legacyType=-1, [ Transports: WIFI Capabilities: INTERNET&NOT_RESTRICTED&TRUSTED&NOT_VPN] ] satisfies: false nri.isRequest: false
05-26 10:39:23.516: D/ConnectivityService(1379):   checking if request is: NetworkRequest [ id=2076, legacyType=-1, [ Capabilities: INTERNET&NOT_RESTRICTED&TRUSTED&NOT_VPN] ] satisfies: true nri.isRequest: false
05-26 10:39:23.516: D/ConnectivityService(1379):   checking if request is: NetworkRequest [ id=1, legacyType=-1, [ Capabilities: INTERNET&NOT_RESTRICTED&TRUSTED&NOT_VPN] ] satisfies: true nri.isRequest: true
05-26 10:39:23.526: D/ConnectivityService(1379): currentScore = 60, newScore = 50
05-26 10:39:23.526: D/ConnectivityService(1379):   checking if request is: NetworkRequest [ id=3, legacyType=-1, [] ] satisfies: true nri.isRequest: false
05-26 10:39:23.526: D/ConnectivityService(1379):   checking if request is: NetworkRequest [ id=4, legacyType=-1, [ Transports: CELLULAR Capabilities: INTERNET&NOT_RESTRICTED&TRUSTED&NOT_VPN] ] satisfies: true nri.isRequest: false
05-26 10:39:23.526: D/ConnectivityService(1379):   checking if request is: NetworkRequest [ id=1077, legacyType=-1, [ Capabilities: INTERNET&NOT_RESTRICTED&TRUSTED&NOT_VPN] ] satisfies: true nri.isRequest: false
05-26 10:39:23.526: D/ConnectivityService(1379):   checking if request is: NetworkRequest [ id=2060, legacyType=-1, [ Capabilities: INTERNET&NOT_RESTRICTED&TRUSTED&NOT_VPN] ] satisfies: true nri.isRequest: false
05-26 10:39:23.526: D/ConnectivityService(1379):   checking if request is: NetworkRequest [ id=2058, legacyType=-1, [ Capabilities: INTERNET&NOT_RESTRICTED&TRUSTED&NOT_VPN] ] satisfies: true nri.isRequest: false
05-26 10:39:23.526: D/ConnectivityService(1379): Network NetworkAgentInfo [MOBILE (LTE) - 639] was already satisfying request 2044. No change.
05-26 10:39:23.526: D/ConnectivityService(1379):   checking if request is: NetworkRequest [ id=2073, legacyType=-1, [ Capabilities: INTERNET&NOT_RESTRICTED&TRUSTED&NOT_VPN] ] satisfies: true nri.isRequest: false
05-26 10:39:23.526: D/ConnectivityService(1379):   checking if request is: NetworkRequest [ id=6, legacyType=-1, [ Transports: WIFI Capabilities: INTERNET&NOT_RESTRICTED&TRUSTED&NOT_VPN] ] satisfies: false nri.isRequest: false
05-26 10:39:23.526: D/ConnectivityService(1379):   checking if request is: NetworkRequest [ id=989, legacyType=11, [ Transports: CELLULAR Capabilities: IMS&TRUSTED&NOT_VPN] ] satisfies: false nri.isRequest: true
05-26 10:39:23.526: D/ConnectivityService(1379):   checking if request is: NetworkRequest [ id=2059, legacyType=-1, [ Capabilities: INTERNET&NOT_RESTRICTED&TRUSTED&NOT_VPN] ] satisfies: true nri.isRequest: false
05-26 10:39:23.526: D/ConnectivityService(1379): sending notification AVAILABLE for NetworkRequest [ id=2076, legacyType=-1, [ Capabilities: INTERNET&NOT_RESTRICTED&TRUSTED&NOT_VPN] ]
05-26 10:39:23.566: I/cr_Ime(24345): ImeThread is not enabled.
05-26 10:39:23.596: D/ConnectivityManager(24345): requestNetwork; getAppId(CallingUid) : 10253, CallingPid : 24345
05-26 10:39:23.596: D/ConnectivityService(1379): listenForNetwork for Listen from uid/pid:10253/24345 for NetworkRequest [ id=2077, legacyType=-1, [ Capabilities: INTERNET&NOT_RESTRICTED&TRUSTED&NOT_VPN] ]
05-26 10:39:23.596: D/ConnectivityService(1379): rematching NetworkAgentInfo [WIFI () - 638]
05-26 10:39:23.596: D/ConnectivityService(1379):  network has: NetworkAgentInfo{ ni{[type: WIFI[] - WIFI, state: CONNECTED/CONNECTED, reason: (unspecified), extra: "HB NATION", roaming: false, failover: false, isAvailable: true]}  network{638}  lp{{InterfaceName: wlan0 LinkAddresses: [fe80::62f1:89ff:fe65:9282/64,192.168.1.20/24,]  Routes: [fe80::/64 -> :: wlan0,192.168.1.0/24 -> 0.0.0.0 wlan0,0.0.0.0/0 -> 192.168.1.1 wlan0,] DnsAddresses: [192.168.1.1,] Domains:  MTU: 0 TcpBufferSizes: 524288,1048576,2097120,524288,1048576,4194240}}  nc{[ Transports: WIFI Capabilities: INTERNET&NOT_RESTRICTED&TRUSTED&NOT_VPN&VALIDATED LinkUpBandwidth>=1048576Kbps LinkDnBandwidth>=1048576Kbps SignalStrength: -56]}  Score{60}  everValidated{true}  lastValidated{true}  created{true} lingering{false} explicitlySelected{false} acceptUnvalidated{false} everCaptivePortalDetected{false} lastCaptivePortalDetected{false} }
05-26 10:39:23.596: D/ConnectivityService(1379):   checking if request is: NetworkRequest [ id=2069, legacyType=-1, [ Capabilities: INTERNET&NOT_RESTRICTED&TRUSTED&NOT_VPN] ] satisfies: true nri.isRequest: false
05-26 10:39:23.596: D/ConnectivityService(1379):   checking if request is: NetworkRequest [ id=5, legacyType=-1, [ Transports: WIFI Capabilities: INTERNET&NOT_RESTRICTED&TRUSTED&NOT_VPN] ] satisfies: true nri.isRequest: false
05-26 10:39:23.596: D/ConnectivityService(1379):   checking if request is: NetworkRequest [ id=2076, legacyType=-1, [ Capabilities: INTERNET&NOT_RESTRICTED&TRUSTED&NOT_VPN] ] satisfies: true nri.isRequest: false
05-26 10:39:23.596: D/ConnectivityService(1379): Network NetworkAgentInfo [WIFI () - 638] was already satisfying request 1. No change.
05-26 10:39:23.596: D/ConnectivityService(1379):   checking if request is: NetworkRequest [ id=3, legacyType=-1, [] ] satisfies: true nri.isRequest: false
05-26 10:39:23.596: D/ConnectivityService(1379):   checking if request is: NetworkRequest [ id=4, legacyType=-1, [ Transports: CELLULAR Capabilities: INTERNET&NOT_RESTRICTED&TRUSTED&NOT_VPN] ] satisfies: false nri.isRequest: false
05-26 10:39:23.596: D/ConnectivityService(1379):   checking if request is: NetworkRequest [ id=1077, legacyType=-1, [ Capabilities: INTERNET&NOT_RESTRICTED&TRUSTED&NOT_VPN] ] satisfies: true nri.isRequest: false
05-26 10:39:23.606: E/CSLegacyTypeTracker(1379): add() : Adding agent NetworkAgentInfo{ ni{[type: MOBILE[LTE] - MOBILE_IMS, state: CONNECTED/CONNECTED, reason: (unspecified), extra: VZWIMS, roaming: false, failover: false, isAvailable: true]}  network{602}  lp{{InterfaceName: rmnet_data0 LinkAddresses: [2600:1012:8164:67db:0:21:7ac3:b301/64,]  Routes: [::/0 -> fe80::3cda:7570:46b2:ea43 rmnet_data0,] DnsAddresses: [2001:4888:65:ff00:62e:d::,2001:4888:64:ff00:620:d::,] Domains: null MTU: 0 TcpBufferSizes: 2097152,6294156,12582912,524288,1048576,2560000}}  nc{[ Transports: CELLULAR Capabilities: IMS&TRUSTED&NOT_VPN&VALIDATED LinkUpBandwidth>=51200Kbps LinkDnBandwidth>=102400Kbps Specifier: <1>]}  Score{50}  everValidated{true}  lastValidated{true}  created{true} lingering{false} explicitlySelected{false} acceptUnvalidated{false} everCaptivePortalDetected{false} lastCaptivePortalDetected{false} } for legacy network type 11
05-26 10:39:23.596: D/ConnectivityService(1379):   checking if request is: NetworkRequest [ id=2060, legacyType=-1, [ Capabilities: INTERNET&NOT_RESTRICTED&TRUSTED&NOT_VPN] ] satisfies: true nri.isRequest: false
05-26 10:39:23.596: D/ConnectivityService(1379):   checking if request is: NetworkRequest [ id=2058, legacyType=-1, [ Capabilities: INTERNET&NOT_RESTRICTED&TRUSTED&NOT_VPN] ] satisfies: true nri.isRequest: false
05-26 10:39:23.596: D/ConnectivityService(1379):   checking if request is: NetworkRequest [ id=2044, legacyType=5, [ Transports: CELLULAR Capabilities: INTERNET&NOT_RESTRICTED&TRUSTED&NOT_VPN] ] satisfies: false nri.isRequest: true
05-26 10:39:23.596: D/ConnectivityService(1379):   checking if request is: NetworkRequest [ id=2077, legacyType=-1, [ Capabilities: INTERNET&NOT_RESTRICTED&TRUSTED&NOT_VPN] ] satisfies: true nri.isRequest: false
05-26 10:39:23.596: D/ConnectivityService(1379):   checking if request is: NetworkRequest [ id=2073, legacyType=-1, [ Capabilities: INTERNET&NOT_RESTRICTED&TRUSTED&NOT_VPN] ] satisfies: true nri.isRequest: false
05-26 10:39:23.596: D/ConnectivityService(1379):   checking if request is: NetworkRequest [ id=6, legacyType=-1, [ Transports: WIFI Capabilities: INTERNET&NOT_RESTRICTED&TRUSTED&NOT_VPN] ] satisfies: true nri.isRequest: false
05-26 10:39:23.596: D/ConnectivityService(1379):   checking if request is: NetworkRequest [ id=989, legacyType=11, [ Transports: CELLULAR Capabilities: IMS&TRUSTED&NOT_VPN] ] satisfies: false nri.isRequest: true
05-26 10:39:23.596: D/ConnectivityService(1379):   checking if request is: NetworkRequest [ id=2059, legacyType=-1, [ Capabilities: INTERNET&NOT_RESTRICTED&TRUSTED&NOT_VPN] ] satisfies: true nri.isRequest: false
05-26 10:39:23.596: D/ConnectivityService(1379): sending notification AVAILABLE for NetworkRequest [ id=2077, legacyType=-1, [ Capabilities: INTERNET&NOT_RESTRICTED&TRUSTED&NOT_VPN] ]
05-26 10:39:23.606: D/ConnectivityService(1379): rematching NetworkAgentInfo [MOBILE (LTE) - 602]
05-26 10:39:23.606: D/ConnectivityService(1379):  network has: NetworkAgentInfo{ ni{[type: MOBILE[LTE] - MOBILE_IMS, state: CONNECTED/CONNECTED, reason: (unspecified), extra: VZWIMS, roaming: false, failover: false, isAvailable: true]}  network{602}  lp{{InterfaceName: rmnet_data0 LinkAddresses: [2600:1012:8164:67db:0:21:7ac3:b301/64,]  Routes: [::/0 -> fe80::3cda:7570:46b2:ea43 rmnet_data0,] DnsAddresses: [2001:4888:65:ff00:62e:d::,2001:4888:64:ff00:620:d::,] Domains: null MTU: 0 TcpBufferSizes: 2097152,6294156,12582912,524288,1048576,2560000}}  nc{[ Transports: CELLULAR Capabilities: IMS&TRUSTED&NOT_VPN&VALIDATED LinkUpBandwidth>=51200Kbps LinkDnBandwidth>=102400Kbps Specifier: <1>]}  Score{50}  everValidated{true}  lastValidated{true}  created{true} lingering{false} explicitlySelected{false} acceptUnvalidated{false} everCaptivePortalDetected{false} lastCaptivePortalDetected{false} }
05-26 10:39:23.606: D/ConnectivityService(1379):   checking if request is: NetworkRequest [ id=2069, legacyType=-1, [ Capabilities: INTERNET&NOT_RESTRICTED&TRUSTED&NOT_VPN] ] satisfies: false nri.isRequest: false
05-26 10:39:23.606: D/ConnectivityService(1379):   checking if request is: NetworkRequest [ id=5, legacyType=-1, [ Transports: WIFI Capabilities: INTERNET&NOT_RESTRICTED&TRUSTED&NOT_VPN] ] satisfies: false nri.isRequest: false
05-26 10:39:23.606: D/ConnectivityService(1379):   checking if request is: NetworkRequest [ id=2076, legacyType=-1, [ Capabilities: INTERNET&NOT_RESTRICTED&TRUSTED&NOT_VPN] ] satisfies: false nri.isRequest: false
05-26 10:39:23.606: D/ConnectivityService(1379):   checking if request is: NetworkRequest [ id=1, legacyType=-1, [ Capabilities: INTERNET&NOT_RESTRICTED&TRUSTED&NOT_VPN] ] satisfies: false nri.isRequest: true
05-26 10:39:23.606: D/ConnectivityService(1379):   checking if request is: NetworkRequest [ id=3, legacyType=-1, [] ] satisfies: true nri.isRequest: false
05-26 10:39:23.606: D/ConnectivityService(1379):   checking if request is: NetworkRequest [ id=4, legacyType=-1, [ Transports: CELLULAR Capabilities: INTERNET&NOT_RESTRICTED&TRUSTED&NOT_VPN] ] satisfies: false nri.isRequest: false
05-26 10:39:23.606: D/ConnectivityService(1379):   checking if request is: NetworkRequest [ id=1077, legacyType=-1, [ Capabilities: INTERNET&NOT_RESTRICTED&TRUSTED&NOT_VPN] ] satisfies: false nri.isRequest: false
05-26 10:39:23.606: D/ConnectivityService(1379):   checking if request is: NetworkRequest [ id=2060, legacyType=-1, [ Capabilities: INTERNET&NOT_RESTRICTED&TRUSTED&NOT_VPN] ] satisfies: false nri.isRequest: false
05-26 10:39:23.606: D/ConnectivityService(1379):   checking if request is: NetworkRequest [ id=2058, legacyType=-1, [ Capabilities: INTERNET&NOT_RESTRICTED&TRUSTED&NOT_VPN] ] satisfies: false nri.isRequest: false
05-26 10:39:23.606: D/ConnectivityService(1379):   checking if request is: NetworkRequest [ id=2044, legacyType=5, [ Transports: CELLULAR Capabilities: INTERNET&NOT_RESTRICTED&TRUSTED&NOT_VPN] ] satisfies: false nri.isRequest: true
05-26 10:39:23.606: D/ConnectivityService(1379):   checking if request is: NetworkRequest [ id=2077, legacyType=-1, [ Capabilities: INTERNET&NOT_RESTRICTED&TRUSTED&NOT_VPN] ] satisfies: false nri.isRequest: false
05-26 10:39:23.606: D/ConnectivityService(1379):   checking if request is: NetworkRequest [ id=2073, legacyType=-1, [ Capabilities: INTERNET&NOT_RESTRICTED&TRUSTED&NOT_VPN] ] satisfies: false nri.isRequest: false
05-26 10:39:23.606: D/ConnectivityService(1379):   checking if request is: NetworkRequest [ id=6, legacyType=-1, [ Transports: WIFI Capabilities: INTERNET&NOT_RESTRICTED&TRUSTED&NOT_VPN] ] satisfies: false nri.isRequest: false
05-26 10:39:23.606: E/CSLegacyTypeTracker(1379): add() : Adding agent NetworkAgentInfo{ ni{[type: MOBILE[LTE] - MOBILE, state: CONNECTED/CONNECTED, reason: connected, extra: VZWINTERNET, roaming: false, failover: false, isAvailable: true]}  network{639}  lp{{InterfaceName: rmnet_data1 LinkAddresses: [100.84.244.200/32,2600:1012:b11b:9cdc:e077:e46:961a:4081/64,]  Routes: [0.0.0.0/0 -> 100.84.244.201 rmnet_data1,::/0 -> fe80::fd7b:55fb:985a:1877 rmnet_data1,] DnsAddresses: [198.224.171.135,198.224.169.135,2001:4888:65:ff00:62e:d::,2001:4888:64:ff00:620:d::,] Domains: null MTU: 0 TcpBufferSizes: 2097152,6294156,12582912,524288,1048576,2560000}}  nc{[ Transports: CELLULAR Capabilities: SUPL&DUN&INTERNET&NOT_RESTRICTED&TRUSTED&NOT_VPN&VALIDATED LinkUpBandwidth>=51200Kbps LinkDnBandwidth>=102400Kbps Specifier: <1>]}  Score{50}  everValidated{true}  lastValidated{true}  created{true} lingering{false} explicitlySelected{false} acceptUnvalidated{false} everCaptivePortalDetected{false} lastCaptivePortalDetected{false} } for legacy network type 5
05-26 10:39:23.606: D/ConnectivityService(1379): Network NetworkAgentInfo [MOBILE (LTE) - 602] was already satisfying request 989. No change.
05-26 10:39:23.606: D/ConnectivityService(1379):   checking if request is: NetworkRequest [ id=2059, legacyType=-1, [ Capabilities: INTERNET&NOT_RESTRICTED&TRUSTED&NOT_VPN] ] satisfies: false nri.isRequest: false
05-26 10:39:23.606: D/ConnectivityService(1379): rematching NetworkAgentInfo [MOBILE (LTE) - 639]
05-26 10:39:23.606: D/ConnectivityService(1379):  network has: NetworkAgentInfo{ ni{[type: MOBILE[LTE] - MOBILE, state: CONNECTED/CONNECTED, reason: connected, extra: VZWINTERNET, roaming: false, failover: false, isAvailable: true]}  network{639}  lp{{InterfaceName: rmnet_data1 LinkAddresses: [100.84.244.200/32,2600:1012:b11b:9cdc:e077:e46:961a:4081/64,]  Routes: [0.0.0.0/0 -> 100.84.244.201 rmnet_data1,::/0 -> fe80::fd7b:55fb:985a:1877 rmnet_data1,] DnsAddresses: [198.224.171.135,198.224.169.135,2001:4888:65:ff00:62e:d::,2001:4888:64:ff00:620:d::,] Domains: null MTU: 0 TcpBufferSizes: 2097152,6294156,12582912,524288,1048576,2560000}}  nc{[ Transports: CELLULAR Capabilities: SUPL&DUN&INTERNET&NOT_RESTRICTED&TRUSTED&NOT_VPN&VALIDATED LinkUpBandwidth>=51200Kbps LinkDnBandwidth>=102400Kbps Specifier: <1>]}  Score{50}  everValidated{true}  lastValidated{true}  created{true} lingering{false} explicitlySelected{false} acceptUnvalidated{false} everCaptivePortalDetected{false} lastCaptivePortalDetected{false} }
05-26 10:39:23.606: D/ConnectivityService(1379):   checking if request is: NetworkRequest [ id=2069, legacyType=-1, [ Capabilities: INTERNET&NOT_RESTRICTED&TRUSTED&NOT_VPN] ] satisfies: true nri.isRequest: false
05-26 10:39:23.606: D/ConnectivityService(1379):   checking if request is: NetworkRequest [ id=5, legacyType=-1, [ Transports: WIFI Capabilities: INTERNET&NOT_RESTRICTED&TRUSTED&NOT_VPN] ] satisfies: false nri.isRequest: false
05-26 10:39:23.606: D/ConnectivityService(1379):   checking if request is: NetworkRequest [ id=2076, legacyType=-1, [ Capabilities: INTERNET&NOT_RESTRICTED&TRUSTED&NOT_VPN] ] satisfies: true nri.isRequest: false
05-26 10:39:23.606: D/ConnectivityService(1379):   checking if request is: NetworkRequest [ id=1, legacyType=-1, [ Capabilities: INTERNET&NOT_RESTRICTED&TRUSTED&NOT_VPN] ] satisfies: true nri.isRequest: true
05-26 10:39:23.606: D/ConnectivityService(1379): currentScore = 60, newScore = 50
05-26 10:39:23.606: D/ConnectivityService(1379):   checking if request is: NetworkRequest [ id=3, legacyType=-1, [] ] satisfies: true nri.isRequest: false
05-26 10:39:23.606: D/ConnectivityService(1379):   checking if request is: NetworkRequest [ id=4, legacyType=-1, [ Transports: CELLULAR Capabilities: INTERNET&NOT_RESTRICTED&TRUSTED&NOT_VPN] ] satisfies: true nri.isRequest: false
05-26 10:39:23.606: D/ConnectivityService(1379):   checking if request is: NetworkRequest [ id=1077, legacyType=-1, [ Capabilities: INTERNET&NOT_RESTRICTED&TRUSTED&NOT_VPN] ] satisfies: true nri.isRequest: false
05-26 10:39:23.606: D/ConnectivityService(1379):   checking if request is: NetworkRequest [ id=2060, legacyType=-1, [ Capabilities: INTERNET&NOT_RESTRICTED&TRUSTED&NOT_VPN] ] satisfies: true nri.isRequest: false
05-26 10:39:23.606: D/ConnectivityService(1379):   checking if request is: NetworkRequest [ id=2058, legacyType=-1, [ Capabilities: INTERNET&NOT_RESTRICTED&TRUSTED&NOT_VPN] ] satisfies: true nri.isRequest: false
05-26 10:39:23.606: D/ConnectivityService(1379): Network NetworkAgentInfo [MOBILE (LTE) - 639] was already satisfying request 2044. No change.
05-26 10:39:23.606: D/ConnectivityService(1379):   checking if request is: NetworkRequest [ id=2077, legacyType=-1, [ Capabilities: INTERNET&NOT_RESTRICTED&TRUSTED&NOT_VPN] ] satisfies: true nri.isRequest: false
05-26 10:39:23.606: D/ConnectivityService(1379):   checking if request is: NetworkRequest [ id=2073, legacyType=-1, [ Capabilities: INTERNET&NOT_RESTRICTED&TRUSTED&NOT_VPN] ] satisfies: true nri.isRequest: false
05-26 10:39:23.606: D/ConnectivityService(1379):   checking if request is: NetworkRequest [ id=6, legacyType=-1, [ Transports: WIFI Capabilities: INTERNET&NOT_RESTRICTED&TRUSTED&NOT_VPN] ] satisfies: false nri.isRequest: false
05-26 10:39:23.606: D/ConnectivityService(1379):   checking if request is: NetworkRequest [ id=989, legacyType=11, [ Transports: CELLULAR Capabilities: IMS&TRUSTED&NOT_VPN] ] satisfies: false nri.isRequest: true
05-26 10:39:23.606: D/ConnectivityService(1379):   checking if request is: NetworkRequest [ id=2059, legacyType=-1, [ Capabilities: INTERNET&NOT_RESTRICTED&TRUSTED&NOT_VPN] ] satisfies: true nri.isRequest: false
05-26 10:39:23.606: D/ConnectivityService(1379): sending notification AVAILABLE for NetworkRequest [ id=2077, legacyType=-1, [ Capabilities: INTERNET&NOT_RESTRICTED&TRUSTED&NOT_VPN] ]
05-26 10:39:23.646: E/libEGL(24345): validate_display:255 error 3008 (EGL_BAD_DISPLAY)
05-26 10:39:23.646: D/libEGL(24345): eglInitialize EGLDisplay = 0xd26023e4
05-26 10:39:23.676: I/WifiTrafficPoller(1379): Dynamic booster is mCpuFreqIndex_2. mCpuFreqIndex_2 is 11
05-26 10:39:23.676: D/CustomFrequencyManagerService(1379): acquireDVFSLockLocked : type : DVFS_MIN_LIMIT  frequency : 1190400  uid : 1000  pid : 1379  pkgName : WIFI_TP@9
05-26 10:39:23.696: D/SensorManager(1379): Proximity, val = 0.0  [close]
05-26 10:39:23.696: I/MotionRecognitionService(1379):  ril.backoffstate = 1024
05-26 10:39:23.696: D/MotionRecognitionService(1379): path changed
05-26 10:39:23.696: I/MotionRecognitionService(1379):  ril.backoffstate = 1024
05-26 10:39:23.696: D/MotionRecognitionService(1379): PATH = false
05-26 10:39:23.696: D/MotionRecognitionService(1379): PROX_SENSOR far,  1024
05-26 10:39:23.696: E/MotionRecognitionService(1379): handleMessage: event 200 value : 1024
05-26 10:39:23.706: D/MotionRecognitionService(1379): Call setTransmitPower  value : 1024
05-26 10:39:23.726: D/libEGL(653): eglTerminate EGLDisplay = 0x7f9a686ea8
05-26 10:39:23.726: W/cr_BindingManager(24345): Cannot call determinedVisibility() - never saw a connection for the pid: 24345
05-26 10:39:23.726: D/cr_Ime(24345): [InputMethodManagerWrapper.java:59] isActive: false
05-26 10:39:23.736: D/libEGL(2402): eglTerminate EGLDisplay = 0x7fa285f228
05-26 10:39:23.946: I/qti_sensorhub_hal(992): OEM_1_REPORT_IND
05-26 10:39:23.946: D/qti_sensorhub_hal(992): AutoRotation 3 ts: 3946748931
05-26 10:39:23.946: D/SensorHubManager(1379): onGetSensorHubDataLocked: library(4) = 1, 1, 7, 3
05-26 10:39:23.956: D/CAE(1379): onGetSensorHubData(SensorHubParserProvider.java:92) - onGetSensorHubData Event [event buffer len :4], AP_WAKEUP
05-26 10:39:23.956: I/CAE(1379): parse(SensorHubParserProvider.java:188) - buffer size = 4
05-26 10:39:23.956: I/CAE(1379): parse(SensorHubParserProvider.java:199) - 1, 1, 7, 3,
05-26 10:39:23.956: D/CAE(1379): display(ContextProvider.java:375) - ================= AUTO_ROTATION =================
05-26 10:39:23.956: I/CAE(1379): display(ContextProvider.java:391) - Angle=[3]
